/ai                                                  /projects                                    301
/ai/                                                 /projects                                    301
/ai/netron                                           /projects                                    301
/ai/netron/                                          /projects                                    301
/ai/netron/index.html                                /projects                                    301
/apple                                               /projects                                    301
/apple/                                              /projects                                    301
/cae                                                 /projects                                    301
/cae/                                                /projects                                    301
/cae/Beamax.png                                      /projects/beamax.png                         301
/cae/Femax.png                                       /                                            301
/cae/Calsd.png                                       /                                            301
/cae/Download.aspx                                   /projects                                    301
/cae/download.aspx                                   /projects                                    301
/com                                                 /                                            301
/com/                                                /                                            301
/digger/                                             /projects                                    301
/dotnet                                              /projects                                    301
/dotnet/                                             /projects                                    301
/dotnet/Download.aspx                                /projects                                    301
/dotnet/download.aspx                                /projects                                    301
/dotnet/monotone                                     /                                            301
/dotnet/monotone/                                    /                                            301
/html5                                               /projects                                    301
/html5/                                              /projects                                    301
/html5/grapher                                       /blog/2013-02-23-wealth-of-tech-companies    301
/html5/grapher/                                      /blog/2013-02-23-wealth-of-tech-companies    301
/html5/grapher/index.html                            /blog/2013-02-23-wealth-of-tech-companies    301
/html5/digger                                        /projects                                    301
/html5/digger.png                                    /projects/digger.png                         301
/html5/digger/                                       /projects                                    301
/html5/digger/index.html                             /projects                                    301
/html5/netron                                        /projects                                    301
/html5/netron.png                                    /projects/netron.png                         301
/html5/netron/                                       /projects                                    301
/html5/netron/index.html                             /projects                                    301
/html5/textor                                        /projects                                    301
/html5/textor.png                                    /projects/textor.png                         301
/html5/textor/                                       /projects                                    301
/html5/textor/index.html                             /projects                                    301
/html5/textor/demo_html.html                         /projects                                    301
/html5/textor/demo_javascript.html                   /projects                                    301
/html5/textor/demo_css.html                          /projects                                    301
/imago                                               /projects                                    301
/imago/                                              /projects                                    301
/imago/download.aspx                                 /projects                                    301
/imago/download.aspx                                 /projects                                    301
/ios                                                 /projects                                    301
/ios/                                                /projects                                    301
/iphone                                              /projects                                    301
/iphone/                                             /projects                                    301
/netron                                              https://netron.app                           301
/netron/                                             https://netron.app                           301
/Netron                                              https://netron.app                           301
/Netron/                                             https://netron.app                           301
/paper                                               /                                            301
/paper/                                              /                                            301
/paper/InteractiveSourceCode.ppt                     /                                            301
/paper/Reflector5.ppt                                /                                            301
/paper/SourceCodeDocuments.ppt                       /                                            301
/paper/TheMobileComputer.ppt                         /                                            301
/silverlight                                         /projects                                    301
/silverlight/                                        /projects                                    301
/silverlight/digger                                  /                                            301
/silverlight/digger/                                 /                                            301
/silverlight/digger/default.aspx                     /                                            301
/silverlight/Digger/                                 /                                            301
/silverlight/Digger/Default.aspx                     /                                            301
/silverlight/inplay                                  /                                            301
/silverlight/inplay/                                 /                                            301
/silverlight/inplay/default.aspx                     /                                            301
/silverlight/Inplay/                                 /                                            301
/silverlight/Inplay/Default.aspx                     /                                            301
/silverlight/monotone                                /                                            301
/silverlight/monotone/                               /                                            301
/silverlight/monotone/default.aspx                   /                                            301
/silverlight/Monotone/                               /                                            301
/silverlight/Monotone/Default.aspx                   /                                            301
/textor/                                             /projects                                    301
/web                                                 /projects                                    301
/web/                                                /projects                                    301
/web/digger                                          /projects                                    301
/web/digger/index.html                               /projects                                    301
/web/textor                                          /projects                                    301
/web/textor/index.html                               /projects                                    301
/web/textor/demo_css.html                            /projects                                    301
/web/textor/demo_html.html                           /projects                                    301
/web/netron                                          /projects                                    301
/web/netron/                                         /projects                                    301
/wp-login.php                                        /                                            301
/wp-admin                                            /                                            301
/blog                                                /                                            301
/blog/                                               /                                            301
/blog/2011-02-16-html5-samples                       /                                            301
/blog/2012-10-02-typescript-samples                  /                                            301
/blog/2012-10-02-typescript-html5-samples            /                                            301
/blog/2016-01-12-the-future-of-books                 /blog/2016-01-13-the-future-of-books         301
/2003                                                /                                            301
/2003/                                               /                                            301
/2003/05                                             /                                            301
/2003/05/                                            /                                            301
/2003/05/welcome.html                                /blog/2003-05-01-welcome                     301
/2003_06_01_archive.html                             /                                            301
/2003/07/writer-for-net.html                         /projects                                    301
/2003_10_01_archive.html                             /                                            301
/2004                                                /                                            301
/2004/                                               /                                            301
/2004/07/net-reflector-add-ins.html                  /projects                                    301
/2004/11/code-metrics-add-in-for-net-reflector.html  /projects                                    301
/2004/11/diff-add-in-for-net-reflector.html          /projects                                    301
/2006_03_01_archive.html                             /                                            301
/2007/02                                             /                                            301
/2007/02/net-reflector-50.html                       /                                            301
/2008                                                /                                            301
/2008/                                               /                                            301
/2008/03                                             /                                            301
/2008/03/                                            /                                            301
/2008/03/ruleseteditor-add-in-for-net-reflector.html /projects                                    301
/2008/03/net-reflector-51.html                       /                                            301
/2008/08                                             /                                            301
/2008/08/future-of-net-reflector.html                /blog/2008-08-20-the-future-of-net-reflector 301
/2004                                                /                                            301
/2004/                                               /                                            301
/2004/05                                             /                                            301
/2004/05/                                            /                                            301
/2004/05/net-reflector-40.html                       /projects                                    301
/2004/11                                             /                                            301
/2004/11/                                            /                                            301
/2005/09/microsoft-expression-sparkle.html           /                                            301
/2005/12/code-search-add-in-for-net-reflector.html   /                                            301
/2006/03/assembly-list-support-in-net-reflector.html /projects                                    301
/2006/05/deblector-add-in-for-net-reflector.html     /projects                                    301
/2007                                                /                                            301
/2007/                                               /                                            301
/2007/01                                             /                                            301
/2007/01/                                            /                                            301
/2007/01/baml-viewer-add-in-for-net-reflector.html   /                                            301
/2007/08/net-reflector-add-in-tutorial.html          /                                            301
/2008                                                /                                            301
/2008/                                               /                                            301
/2008/03                                             /                                            301
/2008/03/                                            /                                            301
/2009                                                /                                            301
/2009/                                               /                                            301
/2009/11                                             /                                            301
/2009/11/                                            /                                            301
/2009/11/expression-blend-preview-for-net-4.html     /                                            301
/2010                                                /                                            301
/2010/                                               /                                            301
/2010/02                                             /                                            301
/2010/02/                                            /                                            301
/2010/02/net-reflector-60.html                       /                                            301
/2010/03                                             /                                            301
/2010/03/                                            /                                            301
/2010/03/index.html                                  /                                            301
/2010/03/expression-blend-4-beta-and-windows.html    /                                            301
/2011                                                /                                            301
/2011/                                               /                                            301
/2011/index.html                                     /                                            301
/2012/02                                             /                                            301
/2011/02/                                            /                                            301
/2011/02/html5-samples.html                          /                                            301
/2012                                                /                                            301
/2012/                                               /                                            301
/2012/02/syndicate-now-supports-google-reader.html   /projects                                    301
/2012/10                                             /                                            301
/2012/10/                                            /                                            301
/2012/10/typescript-html5-samples.html               /                                            301
/feeds                                               https://feeds.feedburner.com/lutzroeder      301
/feeds/                                              https://feeds.feedburner.com/lutzroeder      301
/feeds/posts/default                                 https://feeds.feedburner.com/lutzroeder      301
/feeds/comments                                      https://feeds.feedburner.com/lutzroeder      301
/feeds/comments/default                              https://feeds.feedburner.com/lutzroeder      301
/feeds/3194588189381167502                           https://feeds.feedburner.com/lutzroeder      301
/feeds/3194588189381167502/comments                  https://feeds.feedburner.com/lutzroeder      301
/feeds/3194588189381167502/comments/                 https://feeds.feedburner.com/lutzroeder      301
/feeds/3194588189381167502/comments/default          https://feeds.feedburner.com/lutzroeder      301
/feeds/3912484258580588289                           https://feeds.feedburner.com/lutzroeder      301
/feeds/3912484258580588289/comments                  https://feeds.feedburner.com/lutzroeder      301
/feeds/3912484258580588289/comments/default          https://feeds.feedburner.com/lutzroeder      301
/feeds/5025025036111824647                           https://feeds.feedburner.com/lutzroeder      301
/feeds/5025025036111824647/comments                  https://feeds.feedburner.com/lutzroeder      301
/feeds/5025025036111824647/comments/default          https://feeds.feedburner.com/lutzroeder      301
/feeds/5961454820782630332                           https://feeds.feedburner.com/lutzroeder      301
/feeds/5961454820782630332/comments                  https://feeds.feedburner.com/lutzroeder      301
/feeds/5961454820782630332/comments/default          https://feeds.feedburner.com/lutzroeder      301
/feeds/620350752277640309                            https://feeds.feedburner.com/lutzroeder      301
/feeds/620350752277640309/comments                   https://feeds.feedburner.com/lutzroeder      301
/feeds/620350752277640309/comments/default           https://feeds.feedburner.com/lutzroeder      301
/feeds/64283175809190333                             https://feeds.feedburner.com/lutzroeder      301
/feeds/64283175809190333/comments                    https://feeds.feedburner.com/lutzroeder      301
/feeds/64283175809190333/comments/default            https://feeds.feedburner.com/lutzroeder      301
/feeds/6831120001587212647                           https://feeds.feedburner.com/lutzroeder      301
/feeds/6831120001587212647/comments                  https://feeds.feedburner.com/lutzroeder      301
/feeds/6831120001587212647/comments/default          https://feeds.feedburner.com/lutzroeder      301
/feeds/845975104389550947                            https://feeds.feedburner.com/lutzroeder      301
/feeds/845975104389550947/comments                   https://feeds.feedburner.com/lutzroeder      301
/feeds/845975104389550947/comments/default           https://feeds.feedburner.com/lutzroeder      301
/feeds/7813436404083873388                           https://feeds.feedburner.com/lutzroeder      301
/feeds/7813436404083873388/comments                  https://feeds.feedburner.com/lutzroeder      301
/feeds/7813436404083873388/comments/default          https://feeds.feedburner.com/lutzroeder      301
/feeds/9001260585521735936                           https://feeds.feedburner.com/lutzroeder      301
/feeds/9001260585521735936/comments                  https://feeds.feedburner.com/lutzroeder      301
/feeds/9001260585521735936/comments/default          https://feeds.feedburner.com/lutzroeder      301
/feeds/9152569207283372423                           https://feeds.feedburner.com/lutzroeder      301
/feeds/9152569207283372423/comments                  https://feeds.feedburner.com/lutzroeder      301
/feeds/9152569207283372423/comments/default          https://feeds.feedburner.com/lutzroeder      301
/feed.atom                                           https://feeds.feedburner.com/lutzroeder      301
/feed.rss                                            https://feeds.feedburner.com/lutzroeder      301
/atom.xml                                            https://feeds.feedburner.com/lutzroeder      301
/rss.xml                                             https://feeds.feedburner.com/lutzroeder      301
/blog/atom.xml                                       https://feeds.feedburner.com/lutzroeder      301
/blog/rss.xml                                        https://feeds.feedburner.com/lutzroeder      301
http://blog.lutzroeder.com/*                         https://www.lutzroeder.com/:splat            301!
https://blog.lutzroeder.com/*                        https://www.lutzroeder.com/:splat            301!
